> adaModel <- ada(Donated ~ .,data=prtrain,control=rpart.control(maxdepth=30,cp=0.0010000,minsplit=20,xval=10),iter=50)
> print(adaModel)
Call:
ada(Donated ~ ., data = prtrain, control = rpart.control(maxdepth = 30, 
    cp = 0.001, minsplit = 20, xval = 10), iter = 50)

Loss: exponential Method: discrete   Iteration: 50 

Final Confusion Matrix for Data:
          Final Prediction
True value   0   1
         0 382  21
         1  63  57

Train Error: 0.161 

Out-Of-Bag Error:  0.163  iteration= 22 

Additional Estimates of number of iterations:

train.err1 train.kap1 
        49         49 

> predicted_ada= (predict(adaModel,prtest))
> confusionMatrix(predicted_ada,prtest$Donated)
Confusion Matrix and Statistics

          Reference
Prediction   0   1
         0 155  42
         1  12  16
                                        
               Accuracy : 0.76          
                 95% CI : (0.699, 0.814)
    No Information Rate : 0.742         
    P-Value [Acc > NIR] : 0.3           
                                        
                  Kappa : 0.245         
 Mcnemar's Test P-Value : 7.93e-05      
                                        
            Sensitivity : 0.928         
            Specificity : 0.276         
         Pos Pred Value : 0.787         
         Neg Pred Value : 0.571         
             Prevalence : 0.742         
         Detection Rate : 0.689         
   Detection Prevalence : 0.876         
      Balanced Accuracy : 0.602         
                                        
       'Positive' Class : 0             
                                        
> ROCada<-roc(prtest$Donated,as.numeric(predicted_ada))
> aucada<-auc(ROCada)
> aucada
Area under the curve: 0.602
> plot(ROCada)



> adaModel <- ada(Donated ~ .,data=prtrain,control=rpart.control(maxdepth=30,cp=0.0010000,minsplit=20,xval=10),iter=80)
> print(adaModel)
Call:
ada(Donated ~ ., data = prtrain, control = rpart.control(maxdepth = 30, 
    cp = 0.001, minsplit = 20, xval = 10), iter = 80)

Loss: exponential Method: discrete   Iteration: 80 

Final Confusion Matrix for Data:
          Final Prediction
True value   0   1
         0 382  21
         1  65  55

Train Error: 0.164 

Out-Of-Bag Error:  0.159  iteration= 44 

Additional Estimates of number of iterations:

train.err1 train.kap1 
        19         43 

> predicted_ada= (predict(adaModel,prtest))
> confusionMatrix(predicted_ada,prtest$Donated)
Confusion Matrix and Statistics

          Reference
Prediction   0   1
         0 154  43
         1  13  15
                                        
               Accuracy : 0.751         
                 95% CI : (0.689, 0.806)
    No Information Rate : 0.742         
    P-Value [Acc > NIR] : 0.414178      
                                        
                  Kappa : 0.217         
 Mcnemar's Test P-Value : 0.000106      
                                        
            Sensitivity : 0.922         
            Specificity : 0.259         
         Pos Pred Value : 0.782         
         Neg Pred Value : 0.536         
             Prevalence : 0.742         
         Detection Rate : 0.684         
   Detection Prevalence : 0.876         
      Balanced Accuracy : 0.590         
                                        
       'Positive' Class : 0             
                                        
> ROCada<-roc(prtest$Donated,as.numeric(predicted_ada))
> aucada<-auc(ROCada)
> aucada
Area under the curve: 0.59
> plot(ROCada)

> adaModel <- ada(Donated ~ .,data=prtrain,control=rpart.control(maxdepth=30,cp=0.0010000,minsplit=20,xval=10),iter=60)
> print(adaModel)
Call:
ada(Donated ~ ., data = prtrain, control = rpart.control(maxdepth = 30, 
    cp = 0.001, minsplit = 20, xval = 10), iter = 60)

Loss: exponential Method: discrete   Iteration: 60 

Final Confusion Matrix for Data:
          Final Prediction
True value   0   1
         0 381  22
         1  60  60

Train Error: 0.157 

Out-Of-Bag Error:  0.164  iteration= 60 

Additional Estimates of number of iterations:

train.err1 train.kap1 
        48         48 

> predicted_ada= (predict(adaModel,prtest))
> confusionMatrix(predicted_ada,prtest$Donated)
Confusion Matrix and Statistics

          Reference
Prediction   0   1
         0 156  44
         1  11  14
                                       
               Accuracy : 0.756        
                 95% CI : (0.694, 0.81)
    No Information Rate : 0.742        
    P-Value [Acc > NIR] : 0.356        
                                       
                  Kappa : 0.216        
 Mcnemar's Test P-Value : 1.6e-05      
                                       
            Sensitivity : 0.934        
            Specificity : 0.241        
         Pos Pred Value : 0.780        
         Neg Pred Value : 0.560        
             Prevalence : 0.742        
         Detection Rate : 0.693        
   Detection Prevalence : 0.889        
      Balanced Accuracy : 0.588        
                                       
       'Positive' Class : 0            
                                       
> ROCada<-roc(prtest$Donated,as.numeric(predicted_ada))
> aucada<-auc(ROCada)
> aucada
Area under the curve: 0.588
> plot(ROCada)